// Vitest Snapshot v1, https://vitest.dev/guide/snapshot.html

exports[`SiteNavigation > should match snapshot 1`] = `
<div>
  <header
    class="header "
  >
    <nav
      class="nav"
    >
      <a
        class="logo"
        href="/"
      >
        <span
          class="logoMark"
        >
          JV
        </span>
        <span
          class="logoText"
        >
          <span
            class="logoName"
          >
            Juan Villalobos
          </span>
          <span
            class="logoRole"
          >
            Engineering Lead
          </span>
        </span>
      </a>
      <ul
        class="navList"
      >
        <li
          class="navItem"
        >
          <a
            class="navLink"
            href="/projects"
          >
            <span
              class="navNum"
            >
              01
            </span>
            <span
              class="navLabel"
            >
              Projects
            </span>
          </a>
        </li>
        <li
          class="navItem"
        >
          <a
            class="navLink"
            href="/blog"
          >
            <span
              class="navNum"
            >
              02
            </span>
            <span
              class="navLabel"
            >
              Blog
            </span>
          </a>
        </li>
        <li
          class="navItem"
        >
          <a
            class="navLink"
            href="/about"
          >
            <span
              class="navNum"
            >
              03
            </span>
            <span
              class="navLabel"
            >
              About
            </span>
          </a>
        </li>
      </ul>
      <a
        class="cta"
        href="mailto:juan@juanvillalobos.me"
      >
        <span>
          Let's Talk
        </span>
        <svg
          fill="none"
          height="16"
          stroke="currentColor"
          stroke-width="2"
          viewBox="0 0 24 24"
          width="16"
        >
          <path
            d="M7 17L17 7M17 7H7M17 7V17"
          />
        </svg>
      </a>
      <button
        aria-expanded="false"
        aria-label="Toggle menu"
        class="menuToggle "
      >
        <span
          class="menuBar"
        />
        <span
          class="menuBar"
        />
      </button>
    </nav>
  </header>
  <div
    class="mobileMenu "
  >
    <div
      class="mobileMenuContent"
    >
      <div
        class="mobileMenuHeader"
      >
        <span
          class="label"
        >
          Navigation
        </span>
      </div>
      <ul
        class="mobileNavList"
      >
        <li
          class="mobileNavItem"
          style="animation-delay: 0s;"
        >
          <a
            class="mobileNavLink"
            href="/projects"
          >
            <span
              class="mobileNavNum"
            >
              01
            </span>
            <span
              class="mobileNavLabel"
            >
              Projects
            </span>
          </a>
        </li>
        <li
          class="mobileNavItem"
          style="animation-delay: 0.1s;"
        >
          <a
            class="mobileNavLink"
            href="/blog"
          >
            <span
              class="mobileNavNum"
            >
              02
            </span>
            <span
              class="mobileNavLabel"
            >
              Blog
            </span>
          </a>
        </li>
        <li
          class="mobileNavItem"
          style="animation-delay: 0.2s;"
        >
          <a
            class="mobileNavLink"
            href="/about"
          >
            <span
              class="mobileNavNum"
            >
              03
            </span>
            <span
              class="mobileNavLabel"
            >
              About
            </span>
          </a>
        </li>
      </ul>
      <div
        class="mobileMenuFooter"
      >
        <a
          class="mobileCta"
          href="mailto:juan@juanvillalobos.me"
        >
          Let's Talk
        </a>
        <div
          class="mobileCoords"
        >
          <span
            class="label"
          >
            Location
          </span>
          <span>
            San Francisco, CA
          </span>
        </div>
      </div>
    </div>
  </div>
</div>
`;
